SQL>  GRANT CONNECT, RESOURCE TO AMAN;

Grant succeeded.

SQL> DISCONNECT SYSTEM;
Disconnected from Oracle Database 11g Enterprise Edition Release 11.2.0.1.0 - 64bit Production
With the Partitioning, OLAP, Data Mining and Real Application Testing options
SQL> CONNECT AMAN/aman
Connected.
SQL> PARTICIPANT ( PID, PNAME, GENDER, CID )
SP2-0734: unknown command beginning "PARTICIPAN..." - rest of line ignored.
SQL> show user
USER is "AMAN"
SQL> CREATE TABLE COURSE (CID NUMBER(3) NOT NULL,CNAME VARCHAR2(30) NOT NULL,CREDITNUMBER(1),CONSTRAINT COURSE_PK_CID PRIMARY KEY(CID),CONSTRAINTCOURSE_CK_CID CHECK (CID BETWEEN 101 AND 149),CONSTRAINTCOURSE_CK_CREDIT CHECK (CREDIT BETWEEN 1 AND 5),CONSTRAINTCOURSE_UQ_CNAME UNIQUE (CNAME)
  2  CREATE TABLE COURSE (CID NUMBER(3) NOT NULL,CNAME VARCHAR2(30) NOT NULL,CREDITNUMBER(1),CONSTRAINT COURSE_PK_CID PRIMARY KEY(CID),CONSTRAINTCOURSE_CK_CID CHECK (CID BETWEEN 101 AND 149),CONSTRAINTCOURSE_CK_CREDIT CHECK (CREDIT BETWEEN 1 AND 5),CONSTRAINTCOURSE_UQ_CNAME UNIQUE (CNAME);
CREATE TABLE COURSE (CID NUMBER(3) NOT NULL,CNAME VARCHAR2(30) NOT NULL,CREDITNUMBER(1),CONSTRAINT COURSE_PK_CID PRIMARY KEY(CID),CONSTRAINTCOURSE_CK_CID CHECK (CID BETWEEN 101 AND 149),CONSTRAINTCOURSE_CK_CREDIT CHECK (CREDIT BETWEEN 1 AND 5),CONSTRAINTCOURSE_UQ_CNAME UNIQUE (CNAME)
                                                                                    *
ERROR at line 1:
ORA-00902: invalid datatype 


SQL> CREATE TABLE COURSE (CID NUMBER(3) NOT NULL,CNAME VARCHAR2(30) NOT NULL,CREDITNUMBER(1),CONSTRAINT COURSE_PK_CID PRIMARY KEY(CID),CONSTRAINTCOURSE_CK_CID CHECK (CID BETWEEN 101 AND 149),CONSTRAINTCOURSE_CK_CREDIT CHECK (CREDIT BETWEEN 1 AND 5),CONSTRAINTCOURSE_UQ_CNAME UNIQUE (CNAME);
CREATE TABLE COURSE (CID NUMBER(3) NOT NULL,CNAME VARCHAR2(30) NOT NULL,CREDITNUMBER(1),CONSTRAINT COURSE_PK_CID PRIMARY KEY(CID),CONSTRAINTCOURSE_CK_CID CHECK (CID BETWEEN 101 AND 149),CONSTRAINTCOURSE_CK_CREDIT CHECK (CREDIT BETWEEN 1 AND 5),CONSTRAINTCOURSE_UQ_CNAME UNIQUE (CNAME)
                                                                                    *
ERROR at line 1:
ORA-00902: invalid datatype 


SQL> select * from tab
  2  ;

no rows selected

SQL> spool off
